// Jest Snapshot v1, https://goo.gl/fbAQLP

exports[`AdmSizes component AdmSizes component render 1`] = `
ShallowWrapper {
  Symbol(enzyme.__root__): [Circular],
  Symbol(enzyme.__unrendered__): <Connect(AdmSizes)
    existingSizes={
      Array [
        Object {
          "__v": 0,
          "_id": "5c73fd305adcc004e054d124",
          "categories": Array [
            "women-shoes",
          ],
          "colors": Array [
            "black",
            "gray",
            "blue",
            "rose",
            "dark beige",
            "white",
            "red",
            "navy",
          ],
          "prices": Object {
            "max": 209.99,
            "min": 63,
          },
          "value": "36",
        },
        Object {
          "__v": 0,
          "_id": "5c73fd405adcc004e054d128",
          "categories": Array [
            "men-shoes",
            "women-shoes",
          ],
          "colors": Array [
            "black",
            "brown",
            "dark beige",
            "rose",
          ],
          "prices": Object {
            "max": 209.99,
            "min": 88.3,
          },
          "value": "40",
        },
        Object {
          "__v": 0,
          "_id": "5c73fd455adcc004e054d129",
          "categories": Array [
            "men-shoes",
          ],
          "colors": Array [
            "black",
          ],
          "prices": Object {
            "max": 122.32,
            "min": 122.32,
          },
          "value": "41",
        },
        Object {
          "__v": 0,
          "_id": "5c73fd495adcc004e054d12a",
          "categories": Array [
            "men-shoes",
          ],
          "colors": Array [
            "black",
          ],
          "prices": Object {
            "max": 122.32,
            "min": 122.32,
          },
          "value": "42",
        },
        Object {
          "__v": 0,
          "_id": "5c73fd4c5adcc004e054d12b",
          "categories": Array [
            "men-shoes",
          ],
          "colors": Array [
            "black",
          ],
          "prices": Object {
            "max": 122.32,
            "min": 122.32,
          },
          "value": "43",
        },
        Object {
          "__v": 0,
          "_id": "5c7d1efa558cad33d8f43f4e",
          "categories": Array [
            "men-accessories-belts",
          ],
          "colors": Array [
            "gray",
            "burgundy",
          ],
          "prices": Object {
            "max": 55,
            "min": 55,
          },
          "value": "76 - 81 CM",
        },
        Object {
          "__v": 0,
          "_id": "5c7d1f0f558cad33d8f43f4f",
          "categories": Array [
            "men-accessories-belts",
          ],
          "colors": Array [
            "gray",
            "burgundy",
            "brown",
            "navy blue",
          ],
          "prices": Object {
            "max": 55,
            "min": 55,
          },
          "value": "81 - 86 CM",
        },
        Object {
          "__v": 0,
          "_id": "5c7d1f17558cad33d8f43f50",
          "categories": Array [
            "men-accessories-belts",
          ],
          "colors": Array [
            "gray",
            "burgundy",
            "brown",
            "navy blue",
          ],
          "prices": Object {
            "max": 55,
            "min": 55,
          },
          "value": "86 - 91 CM",
        },
        Object {
          "__v": 0,
          "_id": "5c70205129b47b30640a8f73",
          "categories": Array [
            "women-clothing-dresses",
            "women-accessories-hats",
            "men-clothing-suits",
            "men-clothing-pants",
            "women-clothing-jackets",
            "women-clothing-pants",
            "women-clothing-tops",
            "men-clothing-shirts",
            "men-clothing-sport",
            "women-clothing-hoodies",
          ],
          "colors": Array [
            "black",
            "white",
            "dark beige",
            "blue",
            "yellow",
            "blue black",
            "gray",
            "dark gray",
            "navy blue",
            "navy",
            "burgundy",
            "light brown",
            "beige",
            "green",
            "red",
            "rose",
            "light blue",
            "orange",
            "wine",
          ],
          "prices": Object {
            "max": 655.55,
            "min": 20,
          },
          "sizeDesc": "medium",
          "value": "m",
        },
        Object {
          "__v": 0,
          "_id": "5c700f151c7b2913f88b834c",
          "categories": Array [
            "women-clothing-dresses",
            "women-clothing-pants",
            "men-clothing-suits",
            "men-clothing-pants",
            "women-clothing-jackets",
            "women-clothing-tops",
            "women-accessories-hats",
            "men-clothing-shirts",
            "men-clothing-sport",
            "women-clothing-hoodies",
          ],
          "colors": Array [
            "black",
            "blue",
            "light blue",
            "rose",
            "yellow",
            "gray",
            "navy blue",
            "dark gray",
            "wine",
            "white",
            "navy",
            "dark beige",
            "burgundy",
            "light brown",
            "blue black",
            "beige",
            "green",
            "red",
            "orange",
          ],
          "prices": Object {
            "max": 575,
            "min": 30,
          },
          "sizeDesc": "extra small",
          "value": "xs",
        },
        Object {
          "__v": 0,
          "_id": "5c7d1f1f558cad33d8f43f51",
          "categories": Array [
            "men-accessories-belts",
            "women-accessories-belts",
          ],
          "colors": Array [
            "burgundy",
            "brown",
            "dark beige",
            "black",
            "red",
            "beige",
            "white",
            "rose",
          ],
          "prices": Object {
            "max": 159.95,
            "min": 25.95,
          },
          "value": "91 - 96 CM",
        },
        Object {
          "__v": 0,
          "_id": "5c73fd345adcc004e054d125",
          "categories": Array [
            "women-shoes",
          ],
          "colors": Array [
            "black",
            "gray",
            "dark beige",
            "blue",
            "rose",
            "wine",
            "white",
            "red",
            "navy",
            "navy blue",
          ],
          "prices": Object {
            "max": 209.99,
            "min": 63,
          },
          "value": "37",
        },
        Object {
          "__v": 0,
          "_id": "5c73fd385adcc004e054d126",
          "categories": Array [
            "women-shoes",
            "men-shoes",
          ],
          "colors": Array [
            "black",
            "gray",
            "brown",
            "dark beige",
            "wine",
            "white",
            "red",
            "navy",
            "navy blue",
          ],
          "prices": Object {
            "max": 209.99,
            "min": 63,
          },
          "value": "38",
        },
        Object {
          "__v": 0,
          "_id": "5c73fd3c5adcc004e054d127",
          "categories": Array [
            "women-shoes",
            "men-shoes",
          ],
          "colors": Array [
            "gray",
            "black",
            "brown",
            "dark beige",
            "blue",
            "rose",
            "wine",
            "white",
            "red",
            "navy",
            "navy blue",
          ],
          "prices": Object {
            "max": 209.99,
            "min": 63,
          },
          "value": "39",
        },
        Object {
          "__v": 0,
          "_id": "5c9923bf4f16a51810eb119f",
          "categories": Array [
            "men-accessories-clocks",
          ],
          "colors": Array [
            "brown",
            "black",
          ],
          "prices": Object {
            "max": 450,
            "min": 399.99,
          },
          "value": "Standard",
        },
        Object {
          "__v": 0,
          "_id": "5c9923db4f16a51810eb11a0",
          "categories": Array [
            "men-accessories-clocks",
          ],
          "colors": Array [
            "brown",
            "black",
          ],
          "prices": Object {
            "max": 450,
            "min": 400,
          },
          "value": "Small",
        },
        Object {
          "__v": 0,
          "_id": "5c9923e34f16a51810eb11a1",
          "categories": Array [
            "men-accessories-clocks",
          ],
          "colors": Array [
            "brown",
          ],
          "prices": Object {
            "max": 450,
            "min": 399.99,
          },
          "value": "Midsize",
        },
        Object {
          "__v": 0,
          "_id": "5c9923ec4f16a51810eb11a2",
          "categories": Array [
            "men-accessories-clocks",
          ],
          "colors": Array [
            "brown",
            "black",
          ],
          "prices": Object {
            "max": 450,
            "min": 400,
          },
          "value": "XL/Oversize",
        },
        Object {
          "__v": 0,
          "_id": "5c9924354f16a51810eb11a3",
          "categories": Array [
            "women-accessories-wallets",
            "men-accessories-wallets",
            "kids-girls-toys",
          ],
          "colors": Array [
            "white",
            "black",
            "brown",
            "burgundy",
            "blue",
            "yellow",
            "orange",
            "green",
            "beige",
            "wine",
            "rose",
            "dark beige",
            "red",
            "navy blue",
            "dark gray",
            "violet",
          ],
          "prices": Object {
            "max": 70,
            "min": 23,
          },
          "value": "standart",
        },
        Object {
          "__v": 0,
          "_id": "5c70206129b47b30640a8f74",
          "categories": Array [
            "women-clothing-dresses",
            "women-clothing-pants",
            "men-clothing-suits",
            "men-clothing-pants",
            "women-clothing-jackets",
            "women-clothing-tops",
            "women-accessories-hats",
            "men-clothing-shirts",
            "men-clothing-sport",
            "women-clothing-hoodies",
          ],
          "colors": Array [
            "black",
            "blue",
            "light blue",
            "dark beige",
            "rose",
            "blue black",
            "gray",
            "navy blue",
            "dark gray",
            "wine",
            "white",
            "navy",
            "orange",
            "light brown",
            "beige",
            "green",
            "red",
            "burgundy",
            "yellow",
          ],
          "prices": Object {
            "max": 655.55,
            "min": 20,
          },
          "sizeDesc": "large",
          "value": "l",
        },
        Object {
          "__v": 0,
          "_id": "5c70203d29b47b30640a8f72",
          "categories": Array [
            "women-clothing-dresses",
            "women-clothing-pants",
            "women-accessories-hats",
            "men-clothing-suits",
            "men-clothing-pants",
            "women-clothing-jackets",
            "women-clothing-tops",
            "men-clothing-shirts",
            "men-clothing-sport",
            "women-clothing-hoodies",
          ],
          "colors": Array [
            "black",
            "blue",
            "white",
            "light blue",
            "rose",
            "gray",
            "navy blue",
            "dark gray",
            "wine",
            "navy",
            "orange",
            "burgundy",
            "light brown",
            "blue black",
            "beige",
            "green",
            "dark beige",
            "red",
            "yellow",
          ],
          "prices": Object {
            "max": 655.55,
            "min": 20,
          },
          "sizeDesc": "small",
          "value": "s",
        },
        Object {
          "__v": 0,
          "_id": "5c70209d29b47b30640a8f75",
          "categories": Array [
            "women-clothing-dresses",
            "men-clothing-suits",
            "women-clothing-jackets",
            "women-clothing-pants",
            "men-clothing-pants",
            "men-clothing-shirts",
            "men-clothing-sport",
            "women-accessories-hats",
          ],
          "colors": Array [
            "dark beige",
            "blue black",
            "gray",
            "black",
            "white",
            "navy",
            "orange",
            "dark gray",
            "navy blue",
            "blue",
            "green",
            "red",
            "rose",
            "yellow",
            "burgundy",
            "beige",
          ],
          "prices": Object {
            "max": 655.55,
            "min": 55,
          },
          "sizeDesc": "extra large",
          "value": "xl",
        },
      ]
    }
    isExistingSizesFetching={false}
  />,
  Symbol(enzyme.__renderer__): Object {
    "batchedUpdates": [Function],
    "checkPropTypes": [Function],
    "getNode": [Function],
    "render": [Function],
    "simulateError": [Function],
    "simulateEvent": [Function],
    "unmount": [Function],
  },
  Symbol(enzyme.__node__): Object {
    "instance": null,
    "key": undefined,
    "nodeType": "function",
    "props": Object {
      "children": [Function],
    },
    "ref": null,
    "rendered": [Function],
    "type": Object {
      "$$typeof": Symbol(react.context),
      "_calculateChangedBits": null,
      "_context": Object {
        "$$typeof": Symbol(react.context),
        "Consumer": [Circular],
        "Provider": Object {
          "$$typeof": Symbol(react.provider),
          "_context": [Circular],
        },
        "_calculateChangedBits": null,
        "_currentRenderer": null,
        "_currentRenderer2": null,
        "_currentValue": null,
        "_currentValue2": null,
        "_threadCount": 0,
      },
    },
  },
  Symbol(enzyme.__nodes__): Array [
    Object {
      "instance": null,
      "key": undefined,
      "nodeType": "function",
      "props": Object {
        "children": [Function],
      },
      "ref": null,
      "rendered": [Function],
      "type": Object {
        "$$typeof": Symbol(react.context),
        "_calculateChangedBits": null,
        "_context": Object {
          "$$typeof": Symbol(react.context),
          "Consumer": [Circular],
          "Provider": Object {
            "$$typeof": Symbol(react.provider),
            "_context": [Circular],
          },
          "_calculateChangedBits": null,
          "_currentRenderer": null,
          "_currentRenderer2": null,
          "_currentValue": null,
          "_currentValue2": null,
          "_threadCount": 0,
        },
      },
    },
  ],
  Symbol(enzyme.__options__): Object {
    "adapter": ReactSixteenAdapter {
      "options": Object {
        "enableComponentDidUpdateOnSetState": true,
        "legacyContextMode": "parent",
        "lifecycles": Object {
          "componentDidUpdate": Object {
            "onSetState": true,
          },
          "getChildContext": Object {
            "calledByRenderer": false,
          },
          "getDerivedStateFromProps": true,
          "getSnapshotBeforeUpdate": true,
          "setState": Object {
            "skipsComponentDidUpdateOnNullish": true,
          },
        },
      },
    },
  },
  Symbol(enzyme.__childContext__): null,
}
`;
