// Jest Snapshot v1, https://goo.gl/fbAQLP

exports[`Filter by colors component ColorFilters component render 1`] = `
ShallowWrapper {
  Symbol(enzyme.__root__): [Circular],
  Symbol(enzyme.__unrendered__): <Connect(ColorFilter)
    colorFilters={
      Array [
        Object {
          "__v": 0,
          "_id": "5c73e6e4a898a30db019f315",
          "categories": Array [],
          "colorName": "light blue",
          "cssHexCode": "#c8d7ed",
          "sizes": Array [],
        },
        Object {
          "__v": 0,
          "_id": "5c73e709a898a30db019f317",
          "categories": Array [],
          "colorName": "wine",
          "cssHexCode": "#e73e81",
          "sizes": Array [],
        },
        Object {
          "__v": 0,
          "_id": "5c73e78da898a30db019f31e",
          "categories": Array [],
          "colorName": "navy",
          "cssHexCode": "#304293",
          "sizes": Array [],
        },
        Object {
          "__v": 0,
          "_id": "5c73e7a3a898a30db019f320",
          "categories": Array [],
          "colorName": "green",
          "cssHexCode": "#059a6a",
          "sizes": Array [],
        },
        Object {
          "__v": 0,
          "_id": "5c73e7bda898a30db019f322",
          "categories": Array [
            "men-clothing-pants",
          ],
          "colorName": "dark gray",
          "cssHexCode": "#1d202d",
          "prices": Object {
            "max": 77.8,
            "min": 77.8,
          },
          "sizes": Array [
            "xs",
            "s",
            "m",
            "l",
          ],
        },
        Object {
          "__v": 0,
          "_id": "5c73e7e9a898a30db019f325",
          "categories": Array [
            "men-accessories-belts",
            "men-clothing-suits",
            "women-accessories-hats",
            "women-shoes",
            "men-clothing-shirts",
            "kids-boys-pants",
          ],
          "colorName": "gray",
          "cssHexCode": "#5e5f5c",
          "prices": Object {
            "max": 556.33,
            "min": 30,
          },
          "sizes": Array [
            "76 - 81 CM",
            "81 - 86 CM",
            "86 - 91 CM",
            "xs",
            "s",
            "m",
            "l",
            "xl",
            "xxl",
            "35",
            "36",
            "37",
            "38",
            "39",
            "42",
          ],
        },
        Object {
          "__v": 0,
          "_id": "5c73e7f6a898a30db019f326",
          "categories": Array [
            "men-accessories-belts",
          ],
          "colorName": "brown",
          "cssHexCode": "#63453d",
          "prices": Object {
            "max": 55,
            "min": 55,
          },
          "sizes": Array [
            "81 - 86 CM",
            "86 - 91 CM",
            "91 - 96 CM",
          ],
        },
        Object {
          "__v": 0,
          "_id": "5c73e802a898a30db019f327",
          "categories": Array [],
          "colorName": "light brown",
          "cssHexCode": "#988d71",
          "sizes": Array [],
        },
        Object {
          "__v": 0,
          "_id": "5c73e6b6a898a30db019f314",
          "categories": Array [
            "women-clothing-dresses",
            "women-shoes",
            "men-shoes",
            "women-clothing-pants",
            "women-accessories-belts",
            "women-accessories-wallets",
            "men-accessories-belts",
            "men-accessories-wallets",
            "men-accessories-clocks",
            "men-clothing-sport",
            "men-clothing-shirts",
            "women-clothing-jackets",
            "women-clothing-hoodies",
            "women-clothing-tops",
            "women-accessories-hats",
            "kids-boys-schoolbags",
          ],
          "colorName": "black",
          "cssHexCode": "#000000",
          "prices": Object {
            "max": 400,
            "min": 23,
          },
          "sizes": Array [
            "s",
            "xs",
            "m",
            "l",
            "36",
            "37",
            "38",
            "40",
            "41",
            "42",
            "43",
            "xxl",
            "xl",
            "76 - 81 CM",
            "81 - 86 CM",
            "86 - 91 CM",
            "standart",
            "39",
            "91 - 96 CM",
            "Small",
            "Standard",
            "XL/Oversize",
          ],
        },
        Object {
          "__v": 0,
          "_id": "5c73e76da898a30db019f31c",
          "categories": Array [
            "women-clothing-dresses",
            "women-clothing-jackets",
            "women-clothing-tops",
            "women-accessories-wallets",
            "women-clothing-hoodies",
            "women-accessories-hats",
          ],
          "colorName": "yellow",
          "cssHexCode": "#faeb48",
          "prices": Object {
            "max": 159.99,
            "min": 26,
          },
          "sizes": Array [
            "xs",
            "m",
            "s",
            "l",
            "xl",
            "standart",
          ],
        },
        Object {
          "__v": 0,
          "_id": "5c73e6fba898a30db019f316",
          "categories": Array [],
          "colorName": "light rose",
          "cssHexCode": "#f7bce0",
          "sizes": Array [],
        },
        Object {
          "__v": 0,
          "_id": "5c73e79ba898a30db019f31f",
          "categories": Array [
            "women-clothing-dresses",
            "women-clothing-jackets",
            "women-clothing-hoodies",
            "women-clothing-pants",
            "women-clothing-tops",
            "women-accessories-belts",
            "women-accessories-wallets",
            "women-accessories-hats",
            "women-shoes",
            "kids-girls-toys",
          ],
          "colorName": "rose",
          "cssHexCode": "#f18ccb",
          "prices": Object {
            "max": 209.99,
            "min": 26.95,
          },
          "sizes": Array [
            "s",
            "xs",
            "l",
            "m",
            "xl",
            "76 - 81 CM",
            "81 - 86 CM",
            "86 - 91 CM",
            "91 - 96 CM",
            "standart",
            "36",
            "37",
            "39",
            "40",
          ],
        },
        Object {
          "__v": 0,
          "_id": "5c9a2b3f613c0c04483cc4a5",
          "categories": Array [],
          "colorName": "orange",
          "cssHexCode": "#ffa500",
          "sizes": Array [],
        },
        Object {
          "__v": 0,
          "_id": "5c73e7b0a898a30db019f321",
          "categories": Array [
            "men-clothing-suits",
            "men-clothing-sport",
            "kids-boys-schoolbags",
          ],
          "colorName": "blue black",
          "cssHexCode": "#1f2535",
          "prices": Object {
            "max": 575,
            "min": 28.32,
          },
          "sizes": Array [
            "m",
            "l",
            "xl",
            "xs",
            "s",
            "xxl",
          ],
        },
        Object {
          "__v": 0,
          "_id": "5c73e7dca898a30db019f324",
          "categories": Array [
            "women-clothing-dresses",
            "women-clothing-pants",
            "women-accessories-belts",
            "men-clothing-shirts",
            "women-shoes",
            "women-clothing-tops",
            "women-accessories-wallets",
          ],
          "colorName": "dark beige",
          "cssHexCode": "#ddb38d",
          "prices": Object {
            "max": 209.99,
            "min": 26.95,
          },
          "sizes": Array [
            "m",
            "l",
            "xl",
            "xs",
            "76 - 81 CM",
            "81 - 86 CM",
            "86 - 91 CM",
            "91 - 96 CM",
            "s",
            "xxl",
            "37",
            "38",
            "39",
            "40",
            "standart",
            "36",
          ],
        },
        Object {
          "__v": 0,
          "_id": "5c73e74fa898a30db019f31a",
          "categories": Array [
            "women-clothing-pants",
            "women-clothing-dresses",
            "men-clothing-shirts",
            "women-clothing-jackets",
            "women-clothing-tops",
            "women-accessories-wallets",
            "women-shoes",
            "kids-girls-toys",
          ],
          "colorName": "blue",
          "cssHexCode": "#53a5e4",
          "prices": Object {
            "max": 209.99,
            "min": 28.32,
          },
          "sizes": Array [
            "s",
            "xs",
            "l",
            "m",
            "xl",
            "xxl",
            "standart",
            "36",
            "37",
            "39",
          ],
        },
        Object {
          "__v": 0,
          "_id": "5c73e743a898a30db019f319",
          "categories": Array [
            "women-clothing-tops",
            "women-clothing-jackets",
            "women-clothing-pants",
            "women-accessories-belts",
            "women-accessories-wallets",
            "women-clothing-dresses",
          ],
          "colorName": "beige",
          "cssHexCode": "#fffcf2",
          "prices": Object {
            "max": 159.99,
            "min": 59.95,
          },
          "sizes": Array [
            "xs",
            "s",
            "m",
            "l",
            "81 - 86 CM",
            "86 - 91 CM",
            "91 - 96 CM",
            "standart",
            "xl",
          ],
        },
        Object {
          "__v": 0,
          "_id": "5c73e77da898a30db019f31d",
          "categories": Array [
            "women-accessories-hats",
            "women-clothing-dresses",
            "women-clothing-jackets",
            "women-clothing-tops",
            "women-accessories-wallets",
            "men-clothing-shirts",
            "women-clothing-pants",
            "women-accessories-belts",
            "women-clothing-hoodies",
            "women-shoes",
          ],
          "colorName": "white",
          "cssHexCode": "#ffffff",
          "prices": Object {
            "max": 269,
            "min": 20,
          },
          "sizes": Array [
            "s",
            "m",
            "xs",
            "xl",
            "l",
            "standart",
            "76 - 81 CM",
            "81 - 86 CM",
            "86 - 91 CM",
            "91 - 96 CM",
            "36",
            "37",
            "38",
            "39",
          ],
        },
        Object {
          "__v": 0,
          "_id": "5c73e72da898a30db019f318",
          "categories": Array [
            "men-accessories-belts",
            "men-clothing-suits",
            "women-clothing-dresses",
            "men-clothing-pants",
            "women-clothing-pants",
            "women-clothing-tops",
            "women-accessories-wallets",
            "women-clothing-hoodies",
            "women-shoes",
            "kids-girls-toys",
          ],
          "colorName": "navy blue",
          "cssHexCode": "#121454",
          "prices": Object {
            "max": 655.55,
            "min": 19.82,
          },
          "sizes": Array [
            "81 - 86 CM",
            "86 - 91 CM",
            "xs",
            "s",
            "l",
            "xxl",
            "m",
            "xl",
            "standart",
            "37",
            "38",
            "39",
          ],
        },
        Object {
          "__v": 0,
          "_id": "5c73e7d0a898a30db019f323",
          "categories": Array [
            "men-accessories-belts",
            "women-accessories-belts",
            "women-accessories-hats",
            "women-clothing-jackets",
            "women-clothing-pants",
            "women-clothing-tops",
            "women-accessories-wallets",
            "kids-girls-toys",
          ],
          "colorName": "burgundy",
          "cssHexCode": "#701c29",
          "prices": Object {
            "max": 159.99,
            "min": 19.82,
          },
          "sizes": Array [
            "76 - 81 CM",
            "81 - 86 CM",
            "86 - 91 CM",
            "91 - 96 CM",
            "xs",
            "s",
            "m",
            "l",
            "xxl",
            "standart",
            "xl",
          ],
        },
        Object {
          "__v": 0,
          "_id": "5c82bdb380cb3222d8659f74",
          "categories": Array [
            "men-clothing-shirts",
            "women-clothing-hoodies",
            "women-clothing-pants",
            "women-accessories-belts",
            "women-accessories-wallets",
            "women-accessories-hats",
            "women-shoes",
            "women-clothing-dresses",
          ],
          "colorName": "red",
          "cssHexCode": "#fc0404",
          "prices": Object {
            "max": 159.95,
            "min": 31,
          },
          "sizes": Array [
            "s",
            "m",
            "l",
            "xl",
            "xs",
            "76 - 81 CM",
            "81 - 86 CM",
            "91 - 96 CM",
            "86 - 91 CM",
            "standart",
            "36",
            "37",
            "38",
            "39",
          ],
        },
      ]
    }
    currentColorName="black"
    isFilterFetching={false}
  />,
  Symbol(enzyme.__renderer__): Object {
    "batchedUpdates": [Function],
    "checkPropTypes": [Function],
    "getNode": [Function],
    "render": [Function],
    "simulateError": [Function],
    "simulateEvent": [Function],
    "unmount": [Function],
  },
  Symbol(enzyme.__node__): Object {
    "instance": null,
    "key": undefined,
    "nodeType": "function",
    "props": Object {
      "children": [Function],
    },
    "ref": null,
    "rendered": [Function],
    "type": Object {
      "$$typeof": Symbol(react.context),
      "_calculateChangedBits": null,
      "_context": Object {
        "$$typeof": Symbol(react.context),
        "Consumer": [Circular],
        "Provider": Object {
          "$$typeof": Symbol(react.provider),
          "_context": [Circular],
        },
        "_calculateChangedBits": null,
        "_currentRenderer": null,
        "_currentRenderer2": null,
        "_currentValue": null,
        "_currentValue2": null,
        "_threadCount": 0,
      },
    },
  },
  Symbol(enzyme.__nodes__): Array [
    Object {
      "instance": null,
      "key": undefined,
      "nodeType": "function",
      "props": Object {
        "children": [Function],
      },
      "ref": null,
      "rendered": [Function],
      "type": Object {
        "$$typeof": Symbol(react.context),
        "_calculateChangedBits": null,
        "_context": Object {
          "$$typeof": Symbol(react.context),
          "Consumer": [Circular],
          "Provider": Object {
            "$$typeof": Symbol(react.provider),
            "_context": [Circular],
          },
          "_calculateChangedBits": null,
          "_currentRenderer": null,
          "_currentRenderer2": null,
          "_currentValue": null,
          "_currentValue2": null,
          "_threadCount": 0,
        },
      },
    },
  ],
  Symbol(enzyme.__options__): Object {
    "adapter": ReactSixteenAdapter {
      "options": Object {
        "enableComponentDidUpdateOnSetState": true,
        "legacyContextMode": "parent",
        "lifecycles": Object {
          "componentDidUpdate": Object {
            "onSetState": true,
          },
          "getChildContext": Object {
            "calledByRenderer": false,
          },
          "getDerivedStateFromProps": true,
          "getSnapshotBeforeUpdate": true,
          "setState": Object {
            "skipsComponentDidUpdateOnNullish": true,
          },
        },
      },
    },
  },
  Symbol(enzyme.__childContext__): null,
}
`;
