// Jest Snapshot v1, https://goo.gl/fbAQLP

exports[`ProductsCarousel component ProductsCarousel component render 1`] = `
ShallowWrapper {
  Symbol(enzyme.__root__): [Circular],
  Symbol(enzyme.__unrendered__): <ProductsCarousel />,
  Symbol(enzyme.__renderer__): Object {
    "batchedUpdates": [Function],
    "checkPropTypes": [Function],
    "getNode": [Function],
    "render": [Function],
    "simulateError": [Function],
    "simulateEvent": [Function],
    "unmount": [Function],
  },
  Symbol(enzyme.__node__): Object {
    "instance": null,
    "key": undefined,
    "nodeType": "class",
    "props": Object {
      "autoPlay": true,
      "axis": "horizontal",
      "centerMode": false,
      "centerSlidePercentage": 80,
      "children": Array [],
      "className": "products-carousel",
      "dynamicHeight": false,
      "emulateTouch": false,
      "infiniteLoop": true,
      "interval": 5000,
      "onChange": [Function],
      "onClickItem": [Function],
      "onClickThumb": [Function],
      "selectedItem": 0,
      "showArrows": true,
      "showIndicators": false,
      "showStatus": false,
      "showThumbs": true,
      "statusFormatter": [Function],
      "stopOnHover": true,
      "swipeScrollTolerance": 5,
      "swipeable": true,
      "transitionTime": 700,
      "useKeyboardArrows": true,
      "verticalSwipe": "standard",
      "width": "100%",
    },
    "ref": null,
    "rendered": Array [],
    "type": [Function],
  },
  Symbol(enzyme.__nodes__): Array [
    Object {
      "instance": null,
      "key": undefined,
      "nodeType": "class",
      "props": Object {
        "autoPlay": true,
        "axis": "horizontal",
        "centerMode": false,
        "centerSlidePercentage": 80,
        "children": Array [],
        "className": "products-carousel",
        "dynamicHeight": false,
        "emulateTouch": false,
        "infiniteLoop": true,
        "interval": 5000,
        "onChange": [Function],
        "onClickItem": [Function],
        "onClickThumb": [Function],
        "selectedItem": 0,
        "showArrows": true,
        "showIndicators": false,
        "showStatus": false,
        "showThumbs": true,
        "statusFormatter": [Function],
        "stopOnHover": true,
        "swipeScrollTolerance": 5,
        "swipeable": true,
        "transitionTime": 700,
        "useKeyboardArrows": true,
        "verticalSwipe": "standard",
        "width": "100%",
      },
      "ref": null,
      "rendered": Array [],
      "type": [Function],
    },
  ],
  Symbol(enzyme.__options__): Object {
    "adapter": ReactSixteenAdapter {
      "options": Object {
        "enableComponentDidUpdateOnSetState": true,
        "legacyContextMode": "parent",
        "lifecycles": Object {
          "componentDidUpdate": Object {
            "onSetState": true,
          },
          "getChildContext": Object {
            "calledByRenderer": false,
          },
          "getDerivedStateFromProps": true,
          "getSnapshotBeforeUpdate": true,
          "setState": Object {
            "skipsComponentDidUpdateOnNullish": true,
          },
        },
      },
    },
  },
  Symbol(enzyme.__childContext__): null,
}
`;
